fuel_type,vehicle_count,avg_passengers
COMP N/G,3180,22.0
DIESEL,486492,40.0
ELECTRIC,123016,5.4
FLEX,19528,6.9
GAS,11075462,6.7
NONE,869531,5.7
OTHER,2698,6.9
PROPANE,958,44.0
,23428,
